2025-11-10 14:49:58 ERROR: Failed to connect to API endpoint: Connection refused
2025-11-10 15:05:58 ERROR: SSL certificate verification failed
2025-11-10 15:39:58 ERROR: Division by zero in calculation module
2025-11-10 16:32:58 ERROR: Permission denied: Cannot access /protected/directory
2025-11-10 17:31:58 ERROR: Division by zero in calculation module
2025-11-10 18:25:58 ERROR: Authentication failed: Invalid credentials
2025-11-10 18:35:58 ERROR: Division by zero in calculation module
2025-11-10 18:59:58 ERROR: Failed to connect to API endpoint: Connection refused
2025-11-10 19:36:58 ERROR: Invalid data format in row 5865: Expected integer, got string
2025-11-10 20:28:58 ERROR: Permission denied: Cannot access /protected/directory
2025-11-10 21:28:58 ERROR: SSL certificate verification failed
2025-11-10 21:59:58 ERROR: Disk write failed: No space left on device
2025-11-10 22:17:58 ERROR: Invalid data format in row 6174: Expected integer, got string
2025-11-10 23:06:58 ERROR: Division by zero in calculation module
2025-11-11 00:00:58 ERROR: Invalid data format in row 1731: Expected integer, got string
2025-11-11 00:18:58 ERROR: Memory allocation failed: Out of memory
2025-11-11 01:06:58 ERROR: Disk write failed: No space left on device
2025-11-11 01:32:58 ERROR: Failed to connect to API endpoint: Connection refused
2025-11-11 02:25:58 ERROR: Division by zero in calculation module
2025-11-11 02:44:58 ERROR: Network error: Host unreachable
2025-11-11 03:27:58 ERROR: Division by zero in calculation module
2025-11-11 03:41:58 ERROR: Permission denied: Cannot access /protected/directory
2025-11-11 04:16:58 ERROR: Timeout while fetching data from external service
2025-11-11 04:39:58 ERROR: Permission denied: Cannot access /protected/directory
2025-11-11 04:53:58 ERROR: Rate limit exceeded: 429 Too Many Requests
2025-11-11 05:44:58 ERROR: JSON parse error at line 32: Unexpected token
2025-11-11 06:38:58 ERROR: File not found: data/required_dataset.csv
2025-11-11 06:57:58 ERROR: SSL certificate verification failed
2025-11-11 07:15:58 ERROR: Failed to connect to API endpoint: Connection refused
2025-11-11 07:43:58 ERROR: JSON parse error at line 25: Unexpected token
