2025-11-11 11:55:14 INFO: Configuration reloaded
2025-11-11 11:55:38 INFO: Saving results to database
2025-11-11 11:56:07 INFO: Backup completed successfully
2025-11-11 11:56:25 INFO: Configuration reloaded
2025-11-11 11:56:34 ERROR: Failed to connect to API endpoint
2025-11-11 11:56:58 INFO: Database connection established
2025-11-11 11:57:13 INFO: Backup completed successfully
2025-11-11 11:57:40 INFO: Backup completed successfully
2025-11-11 11:57:57 INFO: Saving results to database
2025-11-11 11:58:21 ERROR: Failed to connect to API endpoint
2025-11-11 11:58:51 INFO: Backup completed successfully
2025-11-11 11:59:01 INFO: Processing batch 2/10
2025-11-11 11:59:07 INFO: Shutting down gracefully
2025-11-11 11:59:20 INFO: Shutting down gracefully
2025-11-11 11:59:42 INFO: Health check passed
2025-11-11 11:59:47 INFO: Cache cleared
2025-11-11 12:00:02 INFO: Cache cleared
2025-11-11 12:00:13 INFO: Database connection established
2025-11-11 12:00:39 WARNING: Connection timeout, retrying
2025-11-11 12:00:44 INFO: Loading configuration
2025-11-11 12:01:02 INFO: Backup process initiated
2025-11-11 12:01:10 WARNING: Cache miss rate above threshold
2025-11-11 12:01:30 ERROR: Failed to connect to API endpoint
2025-11-11 12:01:48 INFO: Connecting to database
2025-11-11 12:01:58 INFO: Saving results to database
2025-11-11 12:02:13 INFO: Connecting to database
2025-11-11 12:02:30 INFO: Application started
2025-11-11 12:02:49 WARNING: High memory usage detected
2025-11-11 12:03:00 INFO: User authentication successful
2025-11-11 12:03:09 INFO: Shutting down gracefully
2025-11-11 12:03:32 ERROR: Invalid data format in row 679
2025-11-11 12:03:51 INFO: Backup process initiated
2025-11-11 12:04:08 WARNING: High memory usage detected
2025-11-11 12:04:13 ERROR: Invalid data format in row 383
2025-11-11 12:04:41 DEBUG: Debug checkpoint 34: Variable state OK
2025-11-11 12:04:54 INFO: Connecting to database
2025-11-11 12:05:21 WARNING: Retry attempt 1 of 3
2025-11-11 12:05:36 INFO: Data validation completed
2025-11-11 12:05:54 INFO: Application started
2025-11-11 12:06:01 INFO: Database connection established
2025-11-11 12:06:25 ERROR: Database query failed
2025-11-11 12:06:36 WARNING: Slow query detected: 2336ms
2025-11-11 12:07:02 INFO: Cache cleared
2025-11-11 12:07:19 INFO: Processing batch 9/10
2025-11-11 12:07:42 INFO: Data validation completed
2025-11-11 12:07:59 INFO: User authentication successful
2025-11-11 12:08:20 ERROR: JSON parse error at line 34
2025-11-11 12:08:27 ERROR: JSON parse error at line 32
2025-11-11 12:08:36 INFO: Saving results to database
2025-11-11 12:08:52 INFO: Cache cleared
2025-11-11 12:09:14 INFO: Connecting to database
2025-11-11 12:09:37 WARNING: Cache miss rate above threshold
2025-11-11 12:09:50 INFO: Saving results to database
2025-11-11 12:09:57 INFO: Saving results to database
2025-11-11 12:10:22 INFO: User authentication successful
2025-11-11 12:10:36 WARNING: Retry attempt 1 of 3
2025-11-11 12:10:49 ERROR: Authentication failed for user
2025-11-11 12:10:56 INFO: Configuration reloaded
2025-11-11 12:11:06 INFO: User authentication successful
2025-11-11 12:11:12 INFO: Connecting to database
2025-11-11 12:11:26 INFO: Shutting down gracefully
2025-11-11 12:11:55 INFO: Health check passed
2025-11-11 12:12:00 WARNING: Slow query detected: 1072ms
2025-11-11 12:12:19 INFO: Shutting down gracefully
2025-11-11 12:12:25 INFO: Backup completed successfully
2025-11-11 12:12:55 WARNING: Slow query detected: 3627ms
2025-11-11 12:13:02 ERROR: JSON parse error at line 8
2025-11-11 12:13:18 INFO: Database connection established
2025-11-11 12:13:31 DEBUG: Debug checkpoint 68: Variable state OK
2025-11-11 12:13:41 INFO: Processing batch 4/10
2025-11-11 12:14:05 WARNING: Cache miss rate above threshold
2025-11-11 12:14:23 INFO: Processing batch 9/10
2025-11-11 12:14:37 INFO: Configuration reloaded
2025-11-11 12:14:58 ERROR: Authentication failed for user
2025-11-11 12:15:17 INFO: Loading configuration
2025-11-11 12:15:47 INFO: Loading configuration
2025-11-11 12:16:10 INFO: Cache cleared
2025-11-11 12:16:23 INFO: Database connection established
2025-11-11 12:16:45 INFO: Database connection established
2025-11-11 12:16:56 WARNING: Deprecated function call detected
2025-11-11 12:17:04 INFO: Application started
2025-11-11 12:17:11 INFO: Shutting down gracefully
2025-11-11 12:17:23 DEBUG: Debug checkpoint 82: Variable state OK
2025-11-11 12:17:46 INFO: Cache cleared
2025-11-11 12:18:10 ERROR: Authentication failed for user
2025-11-11 12:18:39 WARNING: Retry attempt 3 of 3
2025-11-11 12:19:02 INFO: Loading configuration
2025-11-11 12:19:15 INFO: Application started
2025-11-11 12:19:25 INFO: User authentication successful
2025-11-11 12:19:32 INFO: User authentication successful
2025-11-11 12:19:54 INFO: Processing batch 7/10
2025-11-11 12:20:11 WARNING: Slow query detected: 1020ms
2025-11-11 12:20:37 INFO: Saving results to database
2025-11-11 12:21:02 ERROR: Invalid data format in row 650
2025-11-11 12:21:22 INFO: Loading configuration
2025-11-11 12:21:44 WARNING: Retry attempt 2 of 3
2025-11-11 12:22:11 WARNING: Disk space running low: 11% remaining
2025-11-11 12:22:21 ERROR: File not found: data/missing_file.csv
2025-11-11 12:22:33 INFO: Backup process initiated
2025-11-11 12:22:55 INFO: Data validation completed
